Waiting for data...

[GM] Connected to /dev/cu.usbmodem1101
[RX] Connected to /dev/cu.usbmodem21101
[RX] Serial connection lost, retrying...
[2J[H========================================================================
 LTSP Test Harness v0.4  |  5s elapsed
========================================================================
 GM  | GPS Lock: NO  PPS: 0  Crystal: +0 ns  Interp: +0 ns
      | TX latency: no data
------------------------------------------------------------------------
 RX  | Packets: 0  Seq gaps: 0  Errors: GM=0 RX=0  State: INIT
      | Drift: +0.0 ns/s = +0.0 ppm  sigma=0 ns
------------------------------------------------------------------------
 JIT | Waiting for drift regression to converge (~60 samples)...
------------------------------------------------------------------------
 CLK | Clock not yet initialized
========================================================================
 ... collecting samples ...
========================================================================
[2J[H========================================================================
 LTSP Test Harness v0.4  |  10s elapsed
========================================================================
 GM  | GPS Lock: NO  PPS: 0  Crystal: +0 ns  Interp: +0 ns
      | TX latency: no data
------------------------------------------------------------------------
 RX  | Packets: 1  Seq gaps: 0  Errors: GM=0 RX=0  State: ACQUIRING
      | Drift: -67561.0 ns/s = -67.6 ppm  sigma=2054336 ns
------------------------------------------------------------------------
 JIT | Waiting for drift regression to converge (~60 samples)...
------------------------------------------------------------------------
 CLK | Clock not yet initialized
========================================================================
 ... collecting samples ...
========================================================================
[2J[H========================================================================
 LTSP Test Harness v0.4  |  15s elapsed
========================================================================
 GM  | GPS Lock: NO  PPS: 0  Crystal: +0 ns  Interp: +0 ns
      | TX latency: no data
------------------------------------------------------------------------
 RX  | Packets: 2  Seq gaps: 0  Errors: GM=0 RX=0  State: ACQUIRING
      | Drift: -60588.9 ns/s = -60.6 ppm  sigma=2016965 ns
------------------------------------------------------------------------
 JIT | Waiting for drift regression to converge (~60 samples)...
------------------------------------------------------------------------
 CLK | Clock not yet initialized
========================================================================
 ... collecting samples ...
========================================================================
[RX] Serial connection lost, retrying...
[2J[H========================================================================
 LTSP Test Harness v0.4  |  20s elapsed
========================================================================
 GM  | GPS Lock: NO  PPS: 0  Crystal: +0 ns  Interp: +0 ns
      | TX latency: no data
------------------------------------------------------------------------
 RX  | Packets: 2  Seq gaps: 0  Errors: GM=0 RX=0  State: ACQUIRING
      | Drift: -60588.9 ns/s = -60.6 ppm  sigma=2016965 ns
------------------------------------------------------------------------
 JIT | Waiting for drift regression to converge (~60 samples)...
------------------------------------------------------------------------
 CLK | Clock not yet initialized
========================================================================
 ... collecting samples ...
========================================================================
[2J[H========================================================================
 LTSP Test Harness v0.4  |  25s elapsed
========================================================================
 GM  | GPS Lock: NO  PPS: 0  Crystal: +0 ns  Interp: +0 ns
      | TX latency: no data
------------------------------------------------------------------------
 RX  | Packets: 4  Seq gaps: 1  Errors: GM=0 RX=0  State: ACQUIRING
      | Drift: -9126.5 ns/s = -9.1 ppm  sigma=1670185 ns
------------------------------------------------------------------------
 JIT | Waiting for drift regression to converge (~60 samples)...
------------------------------------------------------------------------
 CLK | Clock not yet initialized
========================================================================
 ... collecting samples ...
========================================================================
[RX] Serial connection lost, retrying...
[2J[H========================================================================
 LTSP Test Harness v0.4  |  30s elapsed
========================================================================
 GM  | GPS Lock: NO  PPS: 0  Crystal: +0 ns  Interp: +0 ns
      | TX latency: no data
------------------------------------------------------------------------
 RX  | Packets: 4  Seq gaps: 1  Errors: GM=0 RX=0  State: ACQUIRING
      | Drift: -9126.5 ns/s = -9.1 ppm  sigma=1670185 ns
------------------------------------------------------------------------
 JIT | Waiting for drift regression to converge (~60 samples)...
------------------------------------------------------------------------
 CLK | Clock not yet initialized
========================================================================
 ... collecting samples ...
========================================================================
[RX] Serial connection lost, retrying...
[2J[H========================================================================
 LTSP Test Harness v0.4  |  35s elapsed
========================================================================
 GM  | GPS Lock: NO  PPS: 0  Crystal: +0 ns  Interp: +0 ns
      | TX latency: no data
------------------------------------------------------------------------
 RX  | Packets: 4  Seq gaps: 1  Errors: GM=0 RX=0  State: ACQUIRING
      | Drift: -9126.5 ns/s = -9.1 ppm  sigma=1670185 ns
------------------------------------------------------------------------
 JIT | Waiting for drift regression to converge (~60 samples)...
------------------------------------------------------------------------
 CLK | Clock not yet initialized
========================================================================
 ... collecting samples ...
========================================================================
[RX] Serial connection lost, retrying...
[2J[H========================================================================
 LTSP Test Harness v0.4  |  40s elapsed
========================================================================
 GM  | GPS Lock: NO  PPS: 0  Crystal: +0 ns  Interp: +0 ns
      | TX latency: no data
------------------------------------------------------------------------
 RX  | Packets: 4  Seq gaps: 1  Errors: GM=0 RX=0  State: ACQUIRING
      | Drift: -9126.5 ns/s = -9.1 ppm  sigma=1670185 ns
------------------------------------------------------------------------
 JIT | Waiting for drift regression to converge (~60 samples)...
------------------------------------------------------------------------
 CLK | Clock not yet initialized
========================================================================
 ... collecting samples ...
========================================================================
[RX] Serial connection lost, retrying...
[RX] Serial connection lost, retrying...
[2J[H